2025-05-16 18:22:47,722 INFO o.a.j.u.JMeterUtils: Setting Locale to en_EN
2025-05-16 18:22:47,743 INFO o.a.j.JMeter: Loading user properties from: user.properties
2025-05-16 18:22:47,744 INFO o.a.j.JMeter: Loading system properties from: system.properties
2025-05-16 18:22:47,752 INFO o.a.j.JMeter: Copyright (c) 1998-2024 The Apache Software Foundation
2025-05-16 18:22:47,752 INFO o.a.j.JMeter: Version 5.6.3
2025-05-16 18:22:47,752 INFO o.a.j.JMeter: java.version=24.0.1
2025-05-16 18:22:47,753 INFO o.a.j.JMeter: java.vm.name=Java HotSpot(TM) 64-Bit Server VM
2025-05-16 18:22:47,753 INFO o.a.j.JMeter: os.name=Windows 11
2025-05-16 18:22:47,753 INFO o.a.j.JMeter: os.arch=amd64
2025-05-16 18:22:47,753 INFO o.a.j.JMeter: os.version=10.0
2025-05-16 18:22:47,753 INFO o.a.j.JMeter: file.encoding=UTF-8
2025-05-16 18:22:47,753 INFO o.a.j.JMeter: java.awt.headless=null
2025-05-16 18:22:47,753 INFO o.a.j.JMeter: Max memory     =1073741824
2025-05-16 18:22:47,753 INFO o.a.j.JMeter: Available Processors =12
2025-05-16 18:22:47,768 INFO o.a.j.JMeter: Default Locale=English (EN)
2025-05-16 18:22:47,768 INFO o.a.j.JMeter: JMeter  Locale=English (EN)
2025-05-16 18:22:47,768 INFO o.a.j.JMeter: JMeterHome=C:\Users\sanan\Downloads\apache-jmeter-5.6.3\apache-jmeter-5.6.3
2025-05-16 18:22:47,768 INFO o.a.j.JMeter: user.dir  =C:\Users\sanan\Downloads\apache-jmeter-5.6.3\apache-jmeter-5.6.3\bin
2025-05-16 18:22:47,769 INFO o.a.j.JMeter: PWD       =C:\Users\sanan\Downloads\apache-jmeter-5.6.3\apache-jmeter-5.6.3\bin
2025-05-16 18:22:47,770 INFO o.a.j.JMeter: IP: 192.168.0.106 Name: LAPTOP-2L2J62LT FullName: LAPTOP-2L2J62LT
2025-05-16 18:22:47,778 INFO o.a.j.JMeter: Loaded icon properties from org/apache/jmeter/images/icon.properties
2025-05-16 18:22:47,943 INFO o.a.j.JMeterGuiLauncher: Setting LAF to: laf:javax.swing.plaf.metal.MetalLookAndFeel
2025-05-16 18:22:57,050 INFO o.a.j.s.FileServer: Default base='C:\Users\sanan\Downloads\apache-jmeter-5.6.3\apache-jmeter-5.6.3\bin'
2025-05-16 18:22:57,053 INFO o.a.j.g.a.Load: Loading file: D:\Jmeter_Practice\JpetStore.jmx
2025-05-16 18:22:57,053 INFO o.a.j.s.FileServer: Set new base='D:\Jmeter_Practice'
2025-05-16 18:22:57,385 INFO o.a.j.s.SaveService: Testplan (JMX) version: 2.2. Testlog (JTL) version: 2.2
2025-05-16 18:22:57,434 INFO o.a.j.s.SaveService: Using SaveService properties version 5.0
2025-05-16 18:22:57,436 INFO o.a.j.s.SaveService: Using SaveService properties file encoding UTF-8
2025-05-16 18:22:57,438 INFO o.a.j.s.SaveService: Loading file: D:\Jmeter_Practice\JpetStore.jmx
2025-05-16 18:22:57,477 INFO o.a.j.p.h.c.CookieManager: Settings: Delete null: true Check: true Allow variable: true Save: false Prefix: COOKIE_
2025-05-16 18:22:57,484 INFO o.a.j.p.h.s.HTTPSamplerBase: Parser for text/html is org.apache.jmeter.protocol.http.parser.LagartoBasedHtmlParser
2025-05-16 18:22:57,484 INFO o.a.j.p.h.s.HTTPSamplerBase: Parser for application/xhtml+xml is org.apache.jmeter.protocol.http.parser.LagartoBasedHtmlParser
2025-05-16 18:22:57,484 INFO o.a.j.p.h.s.HTTPSamplerBase: Parser for application/xml is org.apache.jmeter.protocol.http.parser.LagartoBasedHtmlParser
2025-05-16 18:22:57,484 INFO o.a.j.p.h.s.HTTPSamplerBase: Parser for text/xml is org.apache.jmeter.protocol.http.parser.LagartoBasedHtmlParser
2025-05-16 18:22:57,484 INFO o.a.j.p.h.s.HTTPSamplerBase: Parser for text/vnd.wap.wml is org.apache.jmeter.protocol.http.parser.RegexpHTMLParser
2025-05-16 18:22:57,484 INFO o.a.j.p.h.s.HTTPSamplerBase: Parser for text/css is org.apache.jmeter.protocol.http.parser.CssParser
2025-05-16 18:22:57,774 INFO o.a.j.e.KeyToolUtils: keytool found at 'keytool'
2025-05-16 18:22:57,775 INFO o.a.j.p.h.p.ProxyControl: HTTP(S) Test Script Recorder SSL Proxy will use keys that support embedded 3rd party resources in file C:\Users\sanan\Downloads\apache-jmeter-5.6.3\apache-jmeter-5.6.3\bin\proxyserver.jks
2025-05-16 18:22:58,093 INFO o.a.j.s.SampleResult: Note: Sample TimeStamps are START times
2025-05-16 18:22:58,093 INFO o.a.j.s.SampleResult: sampleresult.default.encoding is set to UTF-8
2025-05-16 18:22:58,093 INFO o.a.j.s.SampleResult: sampleresult.useNanoTime=true
2025-05-16 18:22:58,094 INFO o.a.j.s.SampleResult: sampleresult.nanoThreadSleep=5000
2025-05-16 18:22:58,414 INFO o.a.j.s.FileServer: Set new base='D:\Jmeter_Practice'
2025-05-16 18:23:43,020 INFO o.a.j.e.StandardJMeterEngine: Running the test!
2025-05-16 18:23:43,023 INFO o.a.j.s.SampleEvent: List of sample_variables: []
2025-05-16 18:23:43,023 INFO o.a.j.s.SampleEvent: List of sample_variables: []
2025-05-16 18:23:43,025 INFO o.a.j.e.u.CompoundVariable: Note: Function class names must contain the string: '.functions.'
2025-05-16 18:23:43,025 INFO o.a.j.e.u.CompoundVariable: Note: Function class names must not contain the string: '.gui.'
2025-05-16 18:23:43,078 INFO o.a.j.g.u.JMeterMenuBar: setRunning(true, *local*)
2025-05-16 18:23:43,119 INFO o.a.j.e.StandardJMeterEngine: Starting ThreadGroup: 1 : Thread Group
2025-05-16 18:23:43,119 INFO o.a.j.e.StandardJMeterEngine: Starting 1 threads for group Thread Group.
2025-05-16 18:23:43,119 INFO o.a.j.e.StandardJMeterEngine: Thread will continue on error
2025-05-16 18:23:43,120 INFO o.a.j.t.ThreadGroup: Starting thread group... number=1 threads=1 ramp-up=1 delayedStart=false
2025-05-16 18:23:43,123 INFO o.a.j.t.ThreadGroup: Started thread group number 1
2025-05-16 18:23:43,124 INFO o.a.j.e.StandardJMeterEngine: All thread groups have been started
2025-05-16 18:23:43,124 INFO o.a.j.t.JMeterThread: Thread started: Thread Group 1-1
2025-05-16 18:23:43,136 INFO o.a.j.p.h.s.HTTPHCAbstractImpl: Local host = LAPTOP-2L2J62LT
2025-05-16 18:23:43,144 INFO o.a.j.p.h.s.HTTPHC4Impl: HTTP request retry count = 0
2025-05-16 18:23:43,243 INFO o.a.j.p.h.s.h.LazyLayeredConnectionSocketFactory: Setting up HTTPS TrustAll Socket Factory
2025-05-16 18:23:43,249 INFO o.a.j.u.JsseSSLManager: Using default SSL protocol: TLS
2025-05-16 18:23:43,249 INFO o.a.j.u.JsseSSLManager: SSL session context: per-thread
2025-05-16 18:23:43,338 INFO o.a.j.u.SSLManager: JmeterKeyStore Location:  type JKS
2025-05-16 18:23:43,340 INFO o.a.j.u.SSLManager: KeyStore created OK
2025-05-16 18:23:43,340 WARN o.a.j.u.SSLManager: Keystore file not found, loading empty keystore
2025-05-16 18:23:44,883 INFO o.a.j.t.JMeterThread: Thread is done: Thread Group 1-1
2025-05-16 18:23:44,883 INFO o.a.j.t.JMeterThread: Thread finished: Thread Group 1-1
2025-05-16 18:23:44,887 INFO o.a.j.e.StandardJMeterEngine: Notifying test listeners of end of test
2025-05-16 18:23:44,888 INFO o.a.j.g.u.JMeterMenuBar: setRunning(false, *local*)
2025-05-16 18:23:51,065 INFO o.a.j.e.StandardJMeterEngine: Running the test!
2025-05-16 18:23:51,065 INFO o.a.j.s.SampleEvent: List of sample_variables: []
2025-05-16 18:23:51,075 INFO o.a.j.g.u.JMeterMenuBar: setRunning(true, *local*)
2025-05-16 18:23:51,113 INFO o.a.j.e.StandardJMeterEngine: Starting ThreadGroup: 1 : Thread Group
2025-05-16 18:23:51,113 INFO o.a.j.e.StandardJMeterEngine: Starting 1 threads for group Thread Group.
2025-05-16 18:23:51,113 INFO o.a.j.e.StandardJMeterEngine: Thread will continue on error
2025-05-16 18:23:51,113 INFO o.a.j.t.ThreadGroup: Starting thread group... number=1 threads=1 ramp-up=1 delayedStart=false
2025-05-16 18:23:51,116 INFO o.a.j.t.ThreadGroup: Started thread group number 1
2025-05-16 18:23:51,116 INFO o.a.j.e.StandardJMeterEngine: Starting ThreadGroup: 2 : Thread Group
2025-05-16 18:23:51,116 INFO o.a.j.e.StandardJMeterEngine: Starting 1 threads for group Thread Group.
2025-05-16 18:23:51,116 INFO o.a.j.e.StandardJMeterEngine: Thread will continue on error
2025-05-16 18:23:51,116 INFO o.a.j.t.ThreadGroup: Starting thread group... number=2 threads=1 ramp-up=1 delayedStart=false
2025-05-16 18:23:51,116 INFO o.a.j.t.ThreadGroup: Started thread group number 2
2025-05-16 18:23:51,118 INFO o.a.j.e.StandardJMeterEngine: All thread groups have been started
2025-05-16 18:23:51,120 INFO o.a.j.t.JMeterThread: Thread started: Thread Group 2-1
2025-05-16 18:23:51,127 INFO o.a.j.t.JMeterThread: Thread started: Thread Group 1-1
2025-05-16 18:23:51,128 INFO o.a.j.s.FileServer: Stored: D:/Jmeter_Practice/User_pass.csv
2025-05-16 18:23:51,790 INFO o.a.j.t.JMeterThread: Thread is done: Thread Group 2-1
2025-05-16 18:23:51,792 INFO o.a.j.t.JMeterThread: Thread finished: Thread Group 2-1
2025-05-16 18:23:54,402 INFO o.a.j.t.JMeterThread: Thread is done: Thread Group 1-1
2025-05-16 18:23:54,402 INFO o.a.j.t.JMeterThread: Thread finished: Thread Group 1-1
2025-05-16 18:23:54,405 INFO o.a.j.e.StandardJMeterEngine: Notifying test listeners of end of test
2025-05-16 18:23:54,406 INFO o.a.j.s.FileServer: Close: D:/Jmeter_Practice/User_pass.csv
2025-05-16 18:23:54,408 INFO o.a.j.g.u.JMeterMenuBar: setRunning(false, *local*)
